Archive member included to satisfy reference by file (symbol)

c:/program files (x86)/atmel/studio/7.0/toolchain/avr8/avr8-gnu-toolchain/bin/../lib/gcc/avr/5.4.0/../../../../avr/lib/avr6\libm.a(divsf3.o)
                              main.o (__divsf3)
c:/program files (x86)/atmel/studio/7.0/toolchain/avr8/avr8-gnu-toolchain/bin/../lib/gcc/avr/5.4.0/../../../../avr/lib/avr6\libm.a(divsf3x.o)
                              c:/program files (x86)/atmel/studio/7.0/toolchain/avr8/avr8-gnu-toolchain/bin/../lib/gcc/avr/5.4.0/../../../../avr/lib/avr6\libm.a(divsf3.o) (__divsf3x)
c:/program files (x86)/atmel/studio/7.0/toolchain/avr8/avr8-gnu-toolchain/bin/../lib/gcc/avr/5.4.0/../../../../avr/lib/avr6\libm.a(floatsisf.o)
                              main.o (__floatunsisf)
c:/program files (x86)/atmel/studio/7.0/toolchain/avr8/avr8-gnu-toolchain/bin/../lib/gcc/avr/5.4.0/../../../../avr/lib/avr6\libm.a(fp_inf.o)
                              c:/program files (x86)/atmel/studio/7.0/toolchain/avr8/avr8-gnu-toolchain/bin/../lib/gcc/avr/5.4.0/../../../../avr/lib/avr6\libm.a(divsf3x.o) (__fp_inf)
c:/program files (x86)/atmel/studio/7.0/toolchain/avr8/avr8-gnu-toolchain/bin/../lib/gcc/avr/5.4.0/../../../../avr/lib/avr6\libm.a(fp_nan.o)
                              c:/program files (x86)/atmel/studio/7.0/toolchain/avr8/avr8-gnu-toolchain/bin/../lib/gcc/avr/5.4.0/../../../../avr/lib/avr6\libm.a(divsf3x.o) (__fp_nan)
c:/program files (x86)/atmel/studio/7.0/toolchain/avr8/avr8-gnu-toolchain/bin/../lib/gcc/avr/5.4.0/../../../../avr/lib/avr6\libm.a(fp_pscA.o)
                              c:/program files (x86)/atmel/studio/7.0/toolchain/avr8/avr8-gnu-toolchain/bin/../lib/gcc/avr/5.4.0/../../../../avr/lib/avr6\libm.a(divsf3x.o) (__fp_pscA)
c:/program files (x86)/atmel/studio/7.0/toolchain/avr8/avr8-gnu-toolchain/bin/../lib/gcc/avr/5.4.0/../../../../avr/lib/avr6\libm.a(fp_pscB.o)
                              c:/program files (x86)/atmel/studio/7.0/toolchain/avr8/avr8-gnu-toolchain/bin/../lib/gcc/avr/5.4.0/../../../../avr/lib/avr6\libm.a(divsf3x.o) (__fp_pscB)
c:/program files (x86)/atmel/studio/7.0/toolchain/avr8/avr8-gnu-toolchain/bin/../lib/gcc/avr/5.4.0/../../../../avr/lib/avr6\libm.a(fp_round.o)
                              c:/program files (x86)/atmel/studio/7.0/toolchain/avr8/avr8-gnu-toolchain/bin/../lib/gcc/avr/5.4.0/../../../../avr/lib/avr6\libm.a(divsf3.o) (__fp_round)
c:/program files (x86)/atmel/studio/7.0/toolchain/avr8/avr8-gnu-toolchain/bin/../lib/gcc/avr/5.4.0/../../../../avr/lib/avr6\libm.a(fp_split3.o)
                              c:/program files (x86)/atmel/studio/7.0/toolchain/avr8/avr8-gnu-toolchain/bin/../lib/gcc/avr/5.4.0/../../../../avr/lib/avr6\libm.a(divsf3x.o) (__fp_split3)
c:/program files (x86)/atmel/studio/7.0/toolchain/avr8/avr8-gnu-toolchain/bin/../lib/gcc/avr/5.4.0/../../../../avr/lib/avr6\libm.a(fp_zero.o)
                              c:/program files (x86)/atmel/studio/7.0/toolchain/avr8/avr8-gnu-toolchain/bin/../lib/gcc/avr/5.4.0/../../../../avr/lib/avr6\libm.a(divsf3x.o) (__fp_szero)
../IoT_SEP4\libIotLibrary.a(display_7seg.o)
                              main.o (display_7seg_display)
../IoT_SEP4\libIotLibrary.a(hal.o)
                              lorawanDev.o (hal_create)
../IoT_SEP4\libIotLibrary.a(hih8120.o)
                              tempHumiditySensor.o (hih8120Create)
../IoT_SEP4\libIotLibrary.a(led.o)
                              ../IoT_SEP4\libIotLibrary.a(hal.o) (led_create)
../IoT_SEP4\libIotLibrary.a(lora_driver.o)
                              IoT_SEP4/example/loraWANHandler.o (lora_driver_flush_buffers)
../IoT_SEP4\libIotLibrary.a(lora_driver_utils.o)
                              ../IoT_SEP4\libIotLibrary.a(lora_driver.o) (decode_port_no)
../IoT_SEP4\libIotLibrary.a(mega_register_access.o)
                              ../IoT_SEP4\libIotLibrary.a(hal.o) (reg_read_register)
../IoT_SEP4\libIotLibrary.a(mh_z19.o)
                              co2Sensor.o (mh_z19_create)
../IoT_SEP4\libIotLibrary.a(serial.o)
                              ../IoT_SEP4\libIotLibrary.a(lora_driver.o) (serial_new_instance)
../IoT_SEP4\libIotLibrary.a(stdio_driver.o)
                              main.o (stdioCreate)
../IoT_SEP4\libIotLibrary.a(spi_iha.o)
                              ../IoT_SEP4\libIotLibrary.a(display_7seg.o) (spi_new_instance)
../IoT_SEP4\libIotLibrary.a(twi.o)
                              ../IoT_SEP4\libIotLibrary.a(hih8120.o) (twiCreate)
../IoT_SEP4\libIotLibrary.a(fifo.o)
                              ../IoT_SEP4\libIotLibrary.a(serial.o) (fifo_init)
c:/program files (x86)/atmel/studio/7.0/toolchain/avr8/avr8-gnu-toolchain/bin/../lib/gcc/avr/5.4.0/../../../../avr/lib/avr6\libm.a(addsf3.o)
                              ../IoT_SEP4\libIotLibrary.a(hih8120.o) (__subsf3)
c:/program files (x86)/atmel/studio/7.0/toolchain/avr8/avr8-gnu-toolchain/bin/../lib/gcc/avr/5.4.0/../../../../avr/lib/avr6\libm.a(addsf3x.o)
[...]
Memory Configuration

Name             Origin             Length             Attributes
text             0x00000000         0x00100000         xr
data             0x00800200         0x0000fe00         rw !x
eeprom           0x00810000         0x00010000         rw !x
fuse             0x00820000         0x00000003         rw !x
lock             0x00830000         0x00000400         rw !x
signature        0x00840000         0x00000400         rw !x
user_signatures  0x00850000         0x00000400         rw !x
*default*        0x00000000         0xffffffff

Linker script and memory map

Address of section .data set to 0x800200
LOAD C:/Program Files (x86)/Atmel/Studio/7.0/Packs/atmel/ATmega_DFP/1.3.300/gcc/dev/atmega2560/avr6/crtatmega2560.o
LOAD co2Sensor.o
LOAD display7Seg.o
LOAD IoT_SEP4/example/loraWANHandler.o
LOAD lorawanDev.o
LOAD main.o
LOAD tempHumiditySensor.o
LOAD VIA_FreeRTOS_AVRMEGA-master/FreeRTOSTraceDriver/FreeRTOSTraceDriver.o
LOAD VIA_FreeRTOS_AVRMEGA-master/src/croutine.o
LOAD VIA_FreeRTOS_AVRMEGA-master/src/event_groups.o
LOAD VIA_FreeRTOS_AVRMEGA-master/src/heap_3.o
LOAD VIA_FreeRTOS_AVRMEGA-master/src/list.o
LOAD VIA_FreeRTOS_AVRMEGA-master/src/port.o
LOAD VIA_FreeRTOS_AVRMEGA-master/src/queue.o
LOAD VIA_FreeRTOS_AVRMEGA-master/src/stream_buffer.o
LOAD VIA_FreeRTOS_AVRMEGA-master/src/tasks.o
LOAD VIA_FreeRTOS_AVRMEGA-master/src/timers.o
LOAD VIA_FreeRTOS_AVRMEGA-master/src/variantHooks.o
START GROUP
LOAD c:/program files (x86)/atmel/studio/7.0/toolchain/avr8/avr8-gnu-toolchain/bin/../lib/gcc/avr/5.4.0/../../../../avr/lib/avr6\libm.a
LOAD ../IoT_SEP4\libIotLibrary.a
END GROUP
START GROUP
LOAD c:/program files (x86)/atmel/studio/7.0/toolchain/avr8/avr8-gnu-toolchain/bin/../lib/gcc/avr/5.4.0/avr6\libgcc.a
LOAD c:/program files (x86)/atmel/studio/7.0/toolchain/avr8/avr8-gnu-toolchain/bin/../lib/gcc/avr/5.4.0/../../../../avr/lib/avr6\libm.a
LOAD c:/program files (x86)/atmel/studio/7.0/toolchain/avr8/avr8-gnu-toolchain/bin/../lib/gcc/avr/5.4.0/../../../../avr/lib/avr6\libc.a
LOAD C:/Program Files (x86)/Atmel/Studio/7.0/Packs/atmel/ATmega_DFP/1.3.300/gcc/dev/atmega2560/avr6\libatmega2560.a
END GROUP
                0x00000000                __TEXT_REGION_ORIGIN__ = DEFINED (__TEXT_REGION_ORIGIN__)?__TEXT_REGION_ORIGIN__:0x0
                0x00800200                __DATA_REGION_ORIGIN__ = DEFINED (__DATA_REGION_ORIGIN__)?__DATA_REGION_ORIGIN__:0x800200
                0x00100000                __TEXT_REGION_LENGTH__ = DEFINED (__TEXT_REGION_LENGTH__)?__TEXT_REGION_LENGTH__:0x100000
                0x0000fe00                __DATA_REGION_LENGTH__ = DEFINED (__DATA_REGION_LENGTH__)?__DATA_REGION_LENGTH__:0xfe00
                0x00010000                __EEPROM_REGION_LENGTH__ = DEFINED (__EEPROM_REGION_LENGTH__)?__EEPROM_REGION_LENGTH__:0x10000
                [0x00000003]                __FUSE_REGION_LENGTH__ = DEFINED (__FUSE_REGION_LENGTH__)?__FUSE_REGION_LENGTH__:0x400
                0x00000400                __LOCK_REGION_LENGTH__ = DEFINED (__LOCK_REGION_LENGTH__)?__LOCK_REGION_LENGTH__:0x400
                0x00000400                __SIGNATURE_REGION_LENGTH__ = DEFINED (__SIGNATURE_REGION_LENGTH__)?__SIGNATURE_REGION_LENGTH__:0x400
                0x00000400                __USER_SIGNATURE_REGION_LENGTH__ = DEFINED (__USER_SIGNATURE_REGION_LENGTH__)?__USER_SIGNATURE_REGION_LENGTH__:0x400

.hash
 *(.hash)

.dynsym
 *(.dynsym)

.dynstr
 *(.dynstr)

.gnu.version
 *(.gnu.version)

.gnu.version_d
 *(.gnu.version_d)

.gnu.version_r
 *(.gnu.version_r)

.rel.init
 *(.rel.init)

.rela.init
 *(.rela.init)

.rel.text
 *(.rel.text)
 *(.rel.text.*)
 *(.rel.gnu.linkonce.t*)

.rela.text
 *(.rela.text)
 *(.rela.text.*)
 *(.rela.gnu.linkonce.t*)

.rel.fini
 *(.rel.fini)

.rela.fini
 *(.rela.fini)

.rel.rodata
 *(.rel.rodata)
 *(.rel.rodata.*)
 *(.rel.gnu.linkonce.r*)

.rela.rodata
 *(.rela.rodata)
 *(.rela.rodata.*)
 *(.rela.gnu.linkonce.r*)

.rel.data
 *(.rel.data)
 *(.rel.data.*)
 *(.rel.gnu.linkonce.d*)

.rela.data
 *(.rela.data)
 *(.rela.data.*)
 *(.rela.gnu.linkonce.d*)

.rel.ctors
 *(.rel.ctors)

.rela.ctors
 *(.rela.ctors)

.rel.dtors
 *(.rel.dtors)

.rela.dtors
 *(.rela.dtors)

.rel.got
 *(.rel.got)

.rela.got
 *(.rela.got)

.rel.bss
 *(.rel.bss)

.rela.bss
 *(.rela.bss)

.rel.plt
 *(.rel.plt)

.rela.plt
 *(.rela.plt)

.text           0x00000000     0x2cae
 *(.vectors)
 .vectors       0x00000000       0xe4 C:/Program Files (x86)/Atmel/Studio/7.0/Packs/atmel/ATmega_DFP/1.3.300/gcc/dev/atmega2560/avr6/crtatmega2560.o
                0x00000000                __vector_default
                0x00000000                __vectors
 *(.vectors)
 *(.progmem.gcc*)
 .progmem.gcc_sw_table.__vector_39
                0x000000e4       0xa2 ../IoT_SEP4\libIotLibrary.a(twi.o)
 .progmem.gcc_fplib
                0x00000186       0x28 c:/program files (x86)/atmel/studio/7.0/toolchain/avr8/avr8-gnu-toolchain/bin/../lib/gcc/avr/5.4.0/../../../../avr/lib/avr6\libm.a(exp.o)
 .progmem.gcc_fplib
                0x000001ae       0x5a c:/program files (x86)/atmel/studio/7.0/toolchain/avr8/avr8-gnu-toolchain/bin/../lib/gcc/avr/5.4.0/../../../../avr/lib/avr6\libm.a(log.o)
                0x00000208                . = ALIGN (0x2)
                0x00000208                __trampolines_start = .
 *(.trampolines)
 .trampolines   0x00000208        0x0 linker stubs
 *(.trampolines*)
                0x00000208                __trampolines_end = .
 *libprintf_flt.a:*(.progmem.data)
 *libc.a:*(.progmem.data)
 *(.progmem*)
                0x00000208                . = ALIGN (0x2)
 *(.jumptables)
 *(.jumptables*)
 *(.lowtext)
 *(.lowtext*)
                0x00000208                __ctors_start = .
 *(.ctors)
                0x00000208                __ctors_end = .
                0x00000208                __dtors_start = .
 *(.dtors)
                0x00000208                __dtors_end = .
 SORT(*)(.ctors)
 SORT(*)(.dtors)
 *(.init0)
 .init0         0x00000208        0x0 C:/Program Files (x86)/Atmel/Studio/7.0/Packs/atmel/ATmega_DFP/1.3.300/gcc/dev/atmega2560/avr6/crtatmega2560.o
                0x00000208                __init
 *(.init0)
 *(.init1)
 *(.init1)
 *(.init2)
 .init2         0x00000208       0x10 C:/Program Files (x86)/Atmel/Studio/7.0/Packs/atmel/ATmega_DFP/1.3.300/gcc/dev/atmega2560/avr6/crtatmega2560.o
 *(.init2)
 *(.init3)
 *(.init3)
 *(.init4)
 .init4         0x00000218       0x1a c:/program files (x86)/atmel/studio/7.0/toolchain/avr8/avr8-gnu-toolchain/bin/../lib/gcc/avr/5.4.0/avr6\libgcc.a(_copy_data.o)
                0x00000218                __do_copy_data
 .init4         0x00000232       0x10 c:/program files (x86)/atmel/studio/7.0/toolchain/avr8/avr8-gnu-toolchain/bin/../lib/gcc/avr/5.4.0/avr6\libgcc.a(_clear_bss.o)
                0x00000232                __do_clear_bss
 *(.init4)
 *(.init5)
 *(.init5)
 *(.init6)
 *(.init6)
 *(.init7)
 *(.init7)
 *(.init8)
 *(.init8)
 *(.init9)
 .init9         0x00000242        0x6 C:/Program Files (x86)/Atmel/Studio/7.0/Packs/atmel/ATmega_DFP/1.3.300/gcc/dev/atmega2560/avr6/crtatmega2560.o
 *(.init9)
 *(.text)
 .text          0x00000248        0x2 C:/Program Files (x86)/Atmel/Studio/7.0/Packs/atmel/ATmega_DFP/1.3.300/gcc/dev/atmega2560/avr6/crtatmega2560.o
                0x00000248                __vector_38
                0x00000248                __vector_22
                0x00000248                __vector_28
                0x00000248                __vector_1
                0x00000248                __vector_32
                0x00000248                __vector_34
                0x00000248                __vector_46
                0x00000248                __bad_interrupt
                0x00000248                __vector_6
                0x00000248                __vector_31
                0x00000248                __vector_35
                0x00000248                __vector_3
                0x00000248                __vector_23
                0x00000248                __vector_30
                0x00000248                __vector_45
                0x00000248                __vector_11
                0x00000248                __vector_13
                0x00000248                __vector_17
                0x00000248                __vector_19
                0x00000248                __vector_56
                0x00000248                __vector_7
                0x00000248                __vector_49
                0x00000248                __vector_41
                0x00000248                __vector_43
                0x00000248                __vector_27
                0x00000248                __vector_5
                0x00000248                __vector_33
                0x00000248                __vector_47
                0x00000248                __vector_4
                0x00000248                __vector_44
                0x00000248                __vector_9
                0x00000248                __vector_2
                0x00000248                __vector_15
                0x00000248                __vector_29
                0x00000248                __vector_40
                0x00000248                __vector_8
                0x00000248                __vector_48
                0x00000248                __vector_14
                0x00000248                __vector_53
                0x00000248                __vector_10
                0x00000248                __vector_50
                0x00000248                __vector_16
                0x00000248                __vector_18
                0x00000248                __vector_20
                0x00000248                __vector_42
                0x0000024a                . = ALIGN (0x2)
 *(.text.*)
 .text.co2Sensor_callback
                0x0000024a        0xa co2Sensor.o
                0x0000024a                co2Sensor_callback
 .text.co2Sensor_init
                0x00000254        0xa co2Sensor.o
                0x00000254                co2Sensor_init
 .text.co2Sensor_measure
                0x0000025e       0x18 co2Sensor.o
                0x0000025e                co2Sensor_measure
 .text.co2Sensor_getValue
                0x00000276        0xa co2Sensor.o
                0x00000276                co2Sensor_getValue
 .text.main     0x00000280       0xb0 main.o
                0x00000280                main
 .text.temperatureHumiditySensor_init
                0x00000330       0x10 tempHumiditySensor.o
                0x00000330                temperatureHumiditySensor_init
 .text.temperatureHumidity_measure
                0x00000340       0x42 tempHumiditySensor.o
                0x00000340                temperatureHumidity_measure
 .text.temperatureGetValue
                0x00000382        0x4 tempHumiditySensor.o
                0x00000382                temperatureGetValue
 .text.humidityGetValue
                0x00000386        0x4 tempHumiditySensor.o
                0x00000386                humidityGetValue
 .text.task_switch_in
                0x0000038a       0x14 VIA_FreeRTOS_AVRMEGA-master/FreeRTOSTraceDriver/FreeRTOSTraceDriver.o
                0x0000038a                task_switch_in
 .text.task_switch_out
                0x0000039e        0xc VIA_FreeRTOS_AVRMEGA-master/FreeRTOSTraceDriver/FreeRTOSTraceDriver.o
                0x0000039e                task_switch_out
 .text.vListInsertEnd
                0x000003aa       0x42 VIA_FreeRTOS_AVRMEGA-master/src/list.o
                0x000003aa                vListInsertEnd
 .text.uxListRemove
                0x000003ec       0x4e VIA_FreeRTOS_AVRMEGA-master/src/list.o
                0x000003ec                uxListRemove
 .text.vPortYieldFromTick
                0x0000043a       0xc6 VIA_FreeRTOS_AVRMEGA-master/src/port.o
                0x0000043a                vPortYieldFromTick
 .text.__vector_12
                0x00000500        0x4 VIA_FreeRTOS_AVRMEGA-master/src/port.o
                0x00000500                __vector_12
 .text.prvResetNextTaskUnblockTime
                0x00000504       0x3e VIA_FreeRTOS_AVRMEGA-master/src/tasks.o
 .text.xTaskIncrementTick
                0x00000542      0x16e VIA_FreeRTOS_AVRMEGA-master/src/tasks.o
                0x00000542                xTaskIncrementTick
 .text.vTaskSwitchContext
                0x000006b0      0x118 VIA_FreeRTOS_AVRMEGA-master/src/tasks.o
                0x000006b0                vTaskSwitchContext
 .text.vApplicationStackOverflowHook
                0x000007c8       0x1a VIA_FreeRTOS_AVRMEGA-master/src/variantHooks.o
                0x000007c8                vApplicationStackOverflowHook
 .text.avr-libc.fplib
                0x000007e2        0x4 c:/program files (x86)/atmel/studio/7.0/toolchain/avr8/avr8-gnu-toolchain/bin/../lib/gcc/avr/5.4.0/../../../../avr/lib/avr6\libm.a(divsf3.o)
                0x000007e2                __divsf3
 .text.avr-libc.fplib
                0x000007e6       0xcc c:/program files (x86)/atmel/studio/7.0/toolchain/avr8/avr8-gnu-toolchain/bin/../lib/gcc/avr/5.4.0/../../../../avr/lib/avr6\libm.a(divsf3x.o)
                0x000007fc                __divsf3x
                0x00000800                __divsf3_pse
 .text.avr-libc.fplib
                0x000008b2       0x7a c:/program files (x86)/atmel/studio/7.0/toolchain/avr8/avr8-gnu-toolchain/bin/../lib/gcc/avr/5.4.0/../../../../avr/lib/avr6\libm.a(floatsisf.o)
                0x000008b2                __floatunsisf
                0x000008b6                __floatsisf
 .text.avr-libc.fplib
                0x0000092c        0xc c:/program files (x86)/atmel/studio/7.0/toolchain/avr8/avr8-gnu-toolchain/bin/../lib/gcc/avr/5.4.0/../../../../avr/lib/avr6\libm.a(fp_inf.o)
                0x0000092c                __fp_inf
 .text.avr-libc.fplib
                0x00000938        0x6 c:/program files (x86)/atmel/studio/7.0/toolchain/avr8/avr8-gnu-toolchain/bin/../lib/gcc/avr/5.4.0/../../../../avr/lib/avr6\libm.a(fp_nan.o)
                0x00000938                __fp_nan
 .text.avr-libc.fplib
                0x0000093e        0xe c:/program files (x86)/atmel/studio/7.0/toolchain/avr8/avr8-gnu-toolchain/bin/../lib/gcc/avr/5.4.0/../../../../avr/lib/avr6\libm.a(fp_pscA.o)
                0x0000093e                __fp_pscA
 .text.avr-libc.fplib
                0x0000094c        0xe c:/program files (x86)/atmel/studio/7.0/toolchain/avr8/avr8-gnu-toolchain/bin/../lib/gcc/avr/5.4.0/../../../../avr/lib/avr6\libm.a(fp_pscB.o)
                0x0000094c                __fp_pscB
 .text.avr-libc.fplib
                0x0000095a       0x22 c:/program files (x86)/atmel/studio/7.0/toolchain/avr8/avr8-gnu-toolchain/bin/../lib/gcc/avr/5.4.0/../../../../avr/lib/avr6\libm.a(fp_round.o)
                0x0000095a                __fp_round
 .text.avr-libc.fplib
                0x0000097c       0x44 c:/program files (x86)/atmel/studio/7.0/toolchain/avr8/avr8-gnu-toolchain/bin/../lib/gcc/avr/5.4.0/../../../../avr/lib/avr6\libm.a(fp_split3.o)
                0x0000097c                __fp_split3
                0x0000098c                __fp_splitA
 .text.avr-libc.fplib
                0x000009c0        0xe c:/program files (x86)/atmel/studio/7.0/toolchain/avr8/avr8-gnu-toolchain/bin/../lib/gcc/avr/5.4.0/../../../../avr/lib/avr6\libm.a(fp_zero.o)
                0x000009c0                __fp_zero
                0x000009c2                __fp_szero
 .text._spi_call_back
                0x000009ce       0x34 ../IoT_SEP4\libIotLibrary.a(display_7seg.o)
 .text.display_7seg_display
                0x00000a02      0x124 ../IoT_SEP4\libIotLibrary.a(display_7seg.o)
                0x00000a02                display_7seg_display
 .text.display_7seg_power_up
                0x00000b26        0x8 ../IoT_SEP4\libIotLibrary.a(display_7seg.o)
                0x00000b26                display_7seg_power_up
 .text.display_7seg_power_down
                0x00000b2e        0xe ../IoT_SEP4\libIotLibrary.a(display_7seg.o)
                0x00000b2e                display_7seg_power_down
 .text.display_7seg_init
                0x00000b3c       0x7a ../IoT_SEP4\libIotLibrary.a(display_7seg.o)
                0x00000b3c                display_7seg_init
 .text.__vector_21
                0x00000bb6       0x7e ../IoT_SEP4\libIotLibrary.a(display_7seg.o)
                0x00000bb6                __vector_21
 .text._hihTwiCallback
                0x00000c34       0x5a ../IoT_SEP4\libIotLibrary.a(hih8120.o)
 .text.hih8120Create
                0x00000c8e       0x2e ../IoT_SEP4\libIotLibrary.a(hih8120.o)
                0x00000c8e                hih8120Create
 .text.hih8120Wakeup
                0x00000cbc       0x28 ../IoT_SEP4\libIotLibrary.a(hih8120.o)
                0x00000cbc                hih8120Wakeup
 .text.hih8120Meassure
                0x00000ce4       0x20 ../IoT_SEP4\libIotLibrary.a(hih8120.o)
                0x00000ce4                hih8120Meassure
 .text.hih8120GetHumidity
                0x00000d04       0x26 ../IoT_SEP4\libIotLibrary.a(hih8120.o)
                0x00000d04                hih8120GetHumidity
 .text.hih8120GetHumidityPercent_x10
                0x00000d2a       0x16 ../IoT_SEP4\libIotLibrary.a(hih8120.o)
                0x00000d2a                hih8120GetHumidityPercent_x10
 .text.hih8120GetTemperature
                0x00000d40       0x32 ../IoT_SEP4\libIotLibrary.a(hih8120.o)
                0x00000d40                hih8120GetTemperature
 .text.hih8120GetTemperature_x10
                0x00000d72       0x16 ../IoT_SEP4\libIotLibrary.a(hih8120.o)
                0x00000d72                hih8120GetTemperature_x10
 .text._serial_call_back
                0x00000d88       0xb6 ../IoT_SEP4\libIotLibrary.a(mh_z19.o)
 .text.mh_z19_create
                0x00000e3e       0x5c ../IoT_SEP4\libIotLibrary.a(mh_z19.o)
                0x00000e3e                mh_z19_create
 .text.mh_z19_take_meassuring
                0x00000e9a       0x5e ../IoT_SEP4\libIotLibrary.a(mh_z19.o)
                0x00000e9a                mh_z19_take_meassuring
 .text.serial_new_instance
                0x00000ef8      0x138 ../IoT_SEP4\libIotLibrary.a(serial.o)
                0x00000ef8                serial_new_instance
 .text.serial_send_byte
                0x00001030       0x4a ../IoT_SEP4\libIotLibrary.a(serial.o)
                0x00001030                serial_send_byte
 .text.serial_send_bytes
                0x0000107a       0xa0 ../IoT_SEP4\libIotLibrary.a(serial.o)
                0x0000107a                serial_send_bytes
 .text.serial_get_byte
                0x0000111a       0x38 ../IoT_SEP4\libIotLibrary.a(serial.o)
                0x0000111a                serial_get_byte
 .text.__vector_25
                0x00001152       0xa4 ../IoT_SEP4\libIotLibrary.a(serial.o)
                0x00001152                __vector_25
 .text.__vector_26
                0x000011f6       0x88 ../IoT_SEP4\libIotLibrary.a(serial.o)
                0x000011f6                __vector_26
 .text.__vector_36
                0x0000127e       0xa4 ../IoT_SEP4\libIotLibrary.a(serial.o)
                0x0000127e                __vector_36
 .text.__vector_37
                0x00001322       0x88 ../IoT_SEP4\libIotLibrary.a(serial.o)
                0x00001322                __vector_37
 .text.__vector_51
                0x000013aa       0xa4 ../IoT_SEP4\libIotLibrary.a(serial.o)
                0x000013aa                __vector_51
 .text.__vector_52
                0x0000144e       0x88 ../IoT_SEP4\libIotLibrary.a(serial.o)
                0x0000144e                __vector_52
 .text.__vector_54
                0x000014d6       0xa4 ../IoT_SEP4\libIotLibrary.a(serial.o)
                0x000014d6                __vector_54
 .text.__vector_55
                0x0000157a       0x88 ../IoT_SEP4\libIotLibrary.a(serial.o)
                0x0000157a                __vector_55
 .text.usart_getchar
                0x00001602       0x2a ../IoT_SEP4\libIotLibrary.a(stdio_driver.o)
 .text.usart_putchar
                0x0000162c       0x12 ../IoT_SEP4\libIotLibrary.a(stdio_driver.o)
 .text.stdioCreate
                0x0000163e       0x52 ../IoT_SEP4\libIotLibrary.a(stdio_driver.o)
                0x0000163e                stdioCreate
 .text._select_instance
                0x00001690       0x72 ../IoT_SEP4\libIotLibrary.a(spi_iha.o)
 .text.spi_new_instance
                0x00001702      0x1a8 ../IoT_SEP4\libIotLibrary.a(spi_iha.o)
                0x00001702                spi_new_instance
 .text.spi_send_byte
                0x000018aa       0xea ../IoT_SEP4\libIotLibrary.a(spi_iha.o)
                0x000018aa                spi_send_byte
 .text.__vector_24
                0x00001994      0x136 ../IoT_SEP4\libIotLibrary.a(spi_iha.o)
                0x00001994                __vector_24
 .text._initTwiInterface
                0x00001aca       0x22 ../IoT_SEP4\libIotLibrary.a(twi.o)
 .text.twiCreate
                0x00001aec       0x9a ../IoT_SEP4\libIotLibrary.a(twi.o)
                0x00001aec                twiCreate
 .text.twiIsBusy
                0x00001b86        0x8 ../IoT_SEP4\libIotLibrary.a(twi.o)
                0x00001b86                twiIsBusy
 .text.twiTransmit
                0x00001b8e       0x98 ../IoT_SEP4\libIotLibrary.a(twi.o)
                0x00001b8e                twiTransmit
 .text.twiReceive
                0x00001c26       0x66 ../IoT_SEP4\libIotLibrary.a(twi.o)
                0x00001c26                twiReceive
 .text.__vector_39
                0x00001c8c      0x17a ../IoT_SEP4\libIotLibrary.a(twi.o)
                0x00001c8c                __vector_39
 .text.fifo_init
                0x00001e06       0x38 ../IoT_SEP4\libIotLibrary.a(fifo.o)
                0x00001e06                fifo_init
 .text.avr-libc.fplib
                0x00001e3e        0xc c:/program files (x86)/atmel/studio/7.0/toolchain/avr8/avr8-gnu-toolchain/bin/../lib/gcc/avr/5.4.0/../../../../avr/lib/avr6\libm.a(addsf3.o)
                0x00001e3e                __subsf3
                0x00001e40                __addsf3
 .text.avr-libc.fplib
                0x00001e4a       0xcc c:/program files (x86)/atmel/studio/7.0/toolchain/avr8/avr8-gnu-toolchain/bin/../lib/gcc/avr/5.4.0/../../../../avr/lib/avr6\libm.a(addsf3x.o)
                0x00001e6c                __addsf3x
 .text.avr-libc.fplib
                0x00001f16        0xc c:/program files (x86)/atmel/studio/7.0/toolchain/avr8/avr8-gnu-toolchain/bin/../lib/gcc/avr/5.4.0/../../../../avr/lib/avr6\libm.a(fixsfsi.o)
                0x00001f16                __fixsfsi
 .text.avr-libc.fplib
                0x00001f22       0x5e c:/program files (x86)/atmel/studio/7.0/toolchain/avr8/avr8-gnu-toolchain/bin/../lib/gcc/avr/5.4.0/../../../../avr/lib/avr6\libm.a(fixunssfsi.o)
                0x00001f22                __fixunssfsi
 .text.avr-libc.fplib
                0x00001f80       0x28 c:/program files (x86)/atmel/studio/7.0/toolchain/avr8/avr8-gnu-toolchain/bin/../lib/gcc/avr/5.4.0/../../../../avr/lib/avr6\libm.a(floor.o)
                0x00001f80                floor
 .text.avr-libc.fplib
                0x00001fa8       0x36 c:/program files (x86)/atmel/studio/7.0/toolchain/avr8/avr8-gnu-toolchain/bin/../lib/gcc/avr/5.4.0/../../../../avr/lib/avr6\libm.a(fp_mintl.o)
                0x00001fa8                __fp_mintl
 .text.avr-libc.fplib
                0x00001fde       0x1c c:/program files (x86)/atmel/studio/7.0/toolchain/avr8/avr8-gnu-toolchain/bin/../lib/gcc/avr/5.4.0/../../../../avr/lib/avr6\libm.a(fp_mpack.o)
                0x00001fde                __fp_mpack
                0x00001fe2                __fp_mpack_finite
 .text.avr-libc.fplib
                0x00001ffa       0x30 c:/program files (x86)/atmel/studio/7.0/toolchain/avr8/avr8-gnu-toolchain/bin/../lib/gcc/avr/5.4.0/../../../../avr/lib/avr6\libm.a(fp_trunc.o)
                0x00001ffa                __fp_trunc
 .text.avr-libc.fplib
                0x0000202a        0x6 c:/program files (x86)/atmel/studio/7.0/toolchain/avr8/avr8-gnu-toolchain/bin/../lib/gcc/avr/5.4.0/../../../../avr/lib/avr6\libm.a(mulsf3.o)
                0x0000202a                __mulsf3
 .text.avr-libc.fplib
                0x00002030       0xd2 c:/program files (x86)/atmel/studio/7.0/toolchain/avr8/avr8-gnu-toolchain/bin/../lib/gcc/avr/5.4.0/../../../../avr/lib/avr6\libm.a(mulsf3x.o)
                0x0000204e                __mulsf3x
                0x00002054                __mulsf3_pse
 .text.avr-libc.fplib
                0x00002102       0x9a c:/program files (x86)/atmel/studio/7.0/toolchain/avr8/avr8-gnu-toolchain/bin/../lib/gcc/avr/5.4.0/../../../../avr/lib/avr6\libm.a(pow.o)
                0x00002102                pow
 .text.avr-libc.fplib
                0x0000219c       0x6a c:/program files (x86)/atmel/studio/7.0/toolchain/avr8/avr8-gnu-toolchain/bin/../lib/gcc/avr/5.4.0/../../../../avr/lib/avr6\libm.a(exp.o)
                0x000021ac                exp
 .text.avr-libc.fplib
                0x00002206       0x4a c:/program files (x86)/atmel/studio/7.0/toolchain/avr8/avr8-gnu-toolchain/bin/../lib/gcc/avr/5.4.0/../../../../avr/lib/avr6\libm.a(fp_powser.o)
                0x00002206                __fp_powser
 .text.avr-libc.fplib
                0x00002250       0x10 c:/program files (x86)/atmel/studio/7.0/toolchain/avr8/avr8-gnu-toolchain/bin/../lib/gcc/avr/5.4.0/../../../../avr/lib/avr6\libm.a(inverse.o)
                0x00002250                inverse
 .text.avr-libc.fplib
                0x00002260       0x72 c:/program files (x86)/atmel/studio/7.0/toolchain/avr8/avr8-gnu-toolchain/bin/../lib/gcc/avr/5.4.0/../../../../avr/lib/avr6\libm.a(ldexp.o)
                0x00002266                ldexp
 .text.avr-libc.fplib
                0x000022d2       0x94 c:/program files (x86)/atmel/studio/7.0/toolchain/avr8/avr8-gnu-toolchain/bin/../lib/gcc/avr/5.4.0/../../../../avr/lib/avr6\libm.a(log.o)
                0x000022e0                log
 .text.avr-libc.fplib
                0x00002366       0x66 c:/program files (x86)/atmel/studio/7.0/toolchain/avr8/avr8-gnu-toolchain/bin/../lib/gcc/avr/5.4.0/../../../../avr/lib/avr6\libm.a(modf.o)
                0x00002366                modf
                0x00002366                modff
 .text.libgcc.div
                0x000023cc       0x44 c:/program files (x86)/atmel/studio/7.0/toolchain/avr8/avr8-gnu-toolchain/bin/../lib/gcc/avr/5.4.0/avr6\libgcc.a(_udivmodsi4.o)
                0x000023cc                __udivmodsi4
 .text.libgcc   0x00002410       0x10 c:/program files (x86)/atmel/studio/7.0/toolchain/avr8/avr8-gnu-toolchain/bin/../lib/gcc/avr/5.4.0/avr6\libgcc.a(_tablejump2.o)
                0x00002410                __tablejump2__
 .text.libgcc.mul
                0x00002420       0x1e c:/program files (x86)/atmel/studio/7.0/toolchain/avr8/avr8-gnu-toolchain/bin/../lib/gcc/avr/5.4.0/avr6\libgcc.a(_umulhisi3.o)
                0x00002420                __umulhisi3
 .text.avr-libc
                0x0000243e       0x34 c:/program files (x86)/atmel/studio/7.0/toolchain/avr8/avr8-gnu-toolchain/bin/../lib/gcc/avr/5.4.0/../../../../avr/lib/avr6\libc.a(calloc.o)
                0x0000243e                calloc
 .text.avr-libc
                0x00002472      0x242 c:/program files (x86)/atmel/studio/7.0/toolchain/avr8/avr8-gnu-toolchain/bin/../lib/gcc/avr/5.4.0/../../../../avr/lib/avr6\libc.a(malloc.o)
                0x00002472                malloc
                0x000025a2                free
 .text.avr-libc
                0x000026b4        0x8 c:/program files (x86)/atmel/studio/7.0/toolchain/avr8/avr8-gnu-toolchain/bin/../lib/gcc/avr/5.4.0/../../../../avr/lib/avr6\libc.a(abort.o)
                0x000026b4                abort
 .text.avr-libc
                0x000026bc        0xe c:/program files (x86)/atmel/studio/7.0/toolchain/avr8/avr8-gnu-toolchain/bin/../lib/gcc/avr/5.4.0/../../../../avr/lib/avr6\libc.a(memset.o)
                0x000026bc                memset
 .text.avr-libc
                0x000026ca       0x26 c:/program files (x86)/atmel/studio/7.0/toolchain/avr8/avr8-gnu-toolchain/bin/../lib/gcc/avr/5.4.0/../../../../avr/lib/avr6\libc.a(printf.o)
                0x000026ca                printf
 .text.avr-libc
                0x000026f0       0x60 c:/program files (x86)/atmel/studio/7.0/toolchain/avr8/avr8-gnu-toolchain/bin/../lib/gcc/avr/5.4.0/../../../../avr/lib/avr6\libc.a(puts.o)
                0x000026f0                puts
 .text.avr-libc
                0x00002750      0x3fa c:/program files (x86)/atmel/studio/7.0/toolchain/avr8/avr8-gnu-toolchain/bin/../lib/gcc/avr/5.4.0/../../../../avr/lib/avr6\libc.a(vfprintf_std.o)
                0x00002750                vfprintf
 .text.avr-libc
                0x00002b4a       0x16 c:/program files (x86)/atmel/studio/7.0/toolchain/avr8/avr8-gnu-toolchain/bin/../lib/gcc/avr/5.4.0/../../../../avr/lib/avr6\libc.a(strnlen_P.o)
                0x00002b4a                strnlen_P
 .text.avr-libc
                0x00002b60       0x16 c:/program files (x86)/atmel/studio/7.0/toolchain/avr8/avr8-gnu-toolchain/bin/../lib/gcc/avr/5.4.0/../../../../avr/lib/avr6\libc.a(strnlen.o)
                0x00002b60                strnlen
 .text.avr-libc
                0x00002b76       0x78 c:/program files (x86)/atmel/studio/7.0/toolchain/avr8/avr8-gnu-toolchain/bin/../lib/gcc/avr/5.4.0/../../../../avr/lib/avr6\libc.a(fputc.o)
                0x00002b76                fputc
 .text.avr-libc
                0x00002bee       0xbc c:/program files (x86)/atmel/studio/7.0/toolchain/avr8/avr8-gnu-toolchain/bin/../lib/gcc/avr/5.4.0/../../../../avr/lib/avr6\libc.a(ultoa_invert.o)
                0x00002bee                __ultoa_invert
                0x00002caa                . = ALIGN (0x2)
 *(.fini9)
 .fini9         0x00002caa        0x0 c:/program files (x86)/atmel/studio/7.0/toolchain/avr8/avr8-gnu-toolchain/bin/../lib/gcc/avr/5.4.0/avr6\libgcc.a(_exit.o)
                0x00002caa                _exit
                0x00002caa                exit
 *(.fini9)
 *(.fini8)
 *(.fini8)
 *(.fini7)
 *(.fini7)
 *(.fini6)
 *(.fini6)
 *(.fini5)
 *(.fini5)
 *(.fini4)
 *(.fini4)
 *(.fini3)
 *(.fini3)
 *(.fini2)
 *(.fini2)
 *(.fini1)
 *(.fini1)
 *(.fini0)
 .fini0         0x00002caa        0x4 c:/program files (x86)/atmel/studio/7.0/toolchain/avr8/avr8-gnu-toolchain/bin/../lib/gcc/avr/5.4.0/avr6\libgcc.a(_exit.o)
 *(.fini0)
                0x00002cae                _etext = .

.data           0x00800200       0xd0 load address 0x00002cae
                0x00800200                PROVIDE (__data_start, .)
 *(.data)
 .data          0x00800200        0x6 c:/program files (x86)/atmel/studio/7.0/toolchain/avr8/avr8-gnu-toolchain/bin/../lib/gcc/avr/5.4.0/../../../../avr/lib/avr6\libc.a(malloc.o)
                0x00800200                __malloc_heap_end
                0x00800202                __malloc_heap_start
                0x00800204                __malloc_margin
 *(.data*)
 .data._temp    0x00800206        0x2 ../IoT_SEP4\libIotLibrary.a(hih8120.o)
 .data._hum     0x00800208        0x2 ../IoT_SEP4\libIotLibrary.a(hih8120.o)
 .data._com_port_2_udr
                0x0080020a        0x8 ../IoT_SEP4\libIotLibrary.a(serial.o)
                0x0080020a                _com_port_2_udr
 .data.mystdout.1881
                0x00800212        0xe ../IoT_SEP4\libIotLibrary.a(stdio_driver.o)
 .data._twiCurrentState
                0x00800220        0x1 ../IoT_SEP4\libIotLibrary.a(twi.o)
 *(.gnu.linkonce.d*)
 *(.rodata)
 .rodata        0x00800221       0x2d ../IoT_SEP4\libIotLibrary.a(mh_z19.o)
 *(.rodata*)
 .rodata.str1.1
                0x0080024e       0x10 co2Sensor.o
 .rodata.str1.1
                0x0080025e       0x36 main.o
 .rodata.str1.1
                0x00800294       0x2b tempHumiditySensor.o
 .rodata._int_2_seg
                0x008002bf        0xa ../IoT_SEP4\libIotLibrary.a(display_7seg.o)
 .rodata._prescaler_mask
                0x008002c9        0x7 ../IoT_SEP4\libIotLibrary.a(spi_iha.o)
 *(.gnu.linkonce.r*)
                0x008002d0                . = ALIGN (0x2)
                0x008002d0                _edata = .
                0x008002d0                PROVIDE (__data_end, .)

.bss            0x008002d0       0x73
                0x008002d0                PROVIDE (__bss_start, .)
 *(.bss)
 *(.bss*)
 .bss.uxSchedulerSuspended
                0x008002d0        0x1 VIA_FreeRTOS_AVRMEGA-master/src/tasks.o
 .bss.xNextTaskUnblockTime
                0x008002d1        0x2 VIA_FreeRTOS_AVRMEGA-master/src/tasks.o
 .bss.xNumOfOverflows
                0x008002d3        0x1 VIA_FreeRTOS_AVRMEGA-master/src/tasks.o
 .bss.xYieldPending
                0x008002d4        0x1 VIA_FreeRTOS_AVRMEGA-master/src/tasks.o
 .bss.uxPendedTicks
                0x008002d5        0x1 VIA_FreeRTOS_AVRMEGA-master/src/tasks.o
 .bss.uxTopReadyPriority
                0x008002d6        0x1 VIA_FreeRTOS_AVRMEGA-master/src/tasks.o
 .bss.xTickCount
                0x008002d7        0x2 VIA_FreeRTOS_AVRMEGA-master/src/tasks.o
 .bss.pxOverflowDelayedTaskList
                0x008002d9        0x2 VIA_FreeRTOS_AVRMEGA-master/src/tasks.o
 .bss.pxDelayedTaskList
                0x008002db        0x2 VIA_FreeRTOS_AVRMEGA-master/src/tasks.o
 .bss.pxReadyTasksLists
                0x008002dd       0x24 VIA_FreeRTOS_AVRMEGA-master/src/tasks.o
 .bss.pxCurrentTCB
                0x00800301        0x2 VIA_FreeRTOS_AVRMEGA-master/src/tasks.o
                0x00800301                pxCurrentTCB
 .bss._display_done_call_back
                0x00800303        0x2 ../IoT_SEP4\libIotLibrary.a(display_7seg.o)
 .bss._digit_segments
                0x00800305        0x4 ../IoT_SEP4\libIotLibrary.a(display_7seg.o)
 .bss._digit_no
                0x00800309        0x1 ../IoT_SEP4\libIotLibrary.a(display_7seg.o)
 .bss._spi      0x0080030a        0x2 ../IoT_SEP4\libIotLibrary.a(display_7seg.o)
 .bss._measuringIsReady
                0x0080030c        0x1 ../IoT_SEP4\libIotLibrary.a(hih8120.o)
 .bss._hih8120Handler
                0x0080030d        0x2 ../IoT_SEP4\libIotLibrary.a(hih8120.o)
 .bss.data.1940
                0x0080030f        0x2 ../IoT_SEP4\libIotLibrary.a(mh_z19.o)
 .bss.inDex.1939
                0x00800311        0x1 ../IoT_SEP4\libIotLibrary.a(mh_z19.o)
 .bss.crc_sum.1941
                0x00800312        0x1 ../IoT_SEP4\libIotLibrary.a(mh_z19.o)
 .bss._app_call_back
                0x00800313        0x2 ../IoT_SEP4\libIotLibrary.a(mh_z19.o)
 .bss._mh_state
                0x00800315        0x1 ../IoT_SEP4\libIotLibrary.a(mh_z19.o)
                0x00800315                _mh_state
 .bss._ppm      0x00800316        0x2 ../IoT_SEP4\libIotLibrary.a(mh_z19.o)
 .bss._serial   0x00800318        0x2 ../IoT_SEP4\libIotLibrary.a(mh_z19.o)
 .bss._ser_handle
                0x0080031a        0x8 ../IoT_SEP4\libIotLibrary.a(serial.o)
 .bss._com_serial_instance
                0x00800322        0x2 ../IoT_SEP4\libIotLibrary.a(stdio_driver.o)
 .bss._initialised
                0x00800324        0x1 ../IoT_SEP4\libIotLibrary.a(spi_iha.o)
 .bss._this     0x00800325        0x2 ../IoT_SEP4\libIotLibrary.a(spi_iha.o)
 .bss._spi_active
                0x00800327        0x1 ../IoT_SEP4\libIotLibrary.a(spi_iha.o)
 .bss._index.1885
                0x00800328        0x1 ../IoT_SEP4\libIotLibrary.a(twi.o)
 .bss._twiCurrentHandler
                0x00800329        0x2 ../IoT_SEP4\libIotLibrary.a(twi.o)
 .bss._twiMessageLen
                0x0080032b        0x1 ../IoT_SEP4\libIotLibrary.a(twi.o)
 .bss._twiMessageBuffer
                0x0080032c        0xa ../IoT_SEP4\libIotLibrary.a(twi.o)
 .bss._twiIsInitiated
                0x00800336        0x1 ../IoT_SEP4\libIotLibrary.a(twi.o)
 *(COMMON)
 COMMON         0x00800337        0x2 co2Sensor.o
                0x00800337                co2PPM
 COMMON         0x00800339        0x4 c:/program files (x86)/atmel/studio/7.0/toolchain/avr8/avr8-gnu-toolchain/bin/../lib/gcc/avr/5.4.0/../../../../avr/lib/avr6\libc.a(malloc.o)
                0x00800339                __brkval
                0x0080033b                __flp
 COMMON         0x0080033d        0x6 c:/program files (x86)/atmel/studio/7.0/toolchain/avr8/avr8-gnu-toolchain/bin/../lib/gcc/avr/5.4.0/../../../../avr/lib/avr6\libc.a(iob.o)
                0x0080033d                __iob
                0x00800343                PROVIDE (__bss_end, .)
                0x00002cae                __data_load_start = LOADADDR (.data)
                0x00002d7e                __data_load_end = (__data_load_start + SIZEOF (.data))

.noinit         0x00800343        0x0
                [!provide]                PROVIDE (__noinit_start, .)
 *(.noinit*)
                [!provide]                PROVIDE (__noinit_end, .)
                0x00800343                _end = .
                0x00800343                PROVIDE (__heap_start, .)

.eeprom         0x00810000        0x0
 *(.eeprom*)
                0x00810000                __eeprom_end = .

.fuse
 *(.fuse)
 *(.lfuse)
 *(.hfuse)
 *(.efuse)

.lock
 *(.lock*)

.signature
 *(.signature*)

.user_signatures
 *(.user_signatures*)

.stab
 *(.stab)

.stabstr
 *(.stabstr)

.stab.excl
 *(.stab.excl)

.stab.exclstr
 *(.stab.exclstr)

.stab.index
 *(.stab.index)

.stab.indexstr
 *(.stab.indexstr)

.comment        0x00000000       0x8c
 *(.comment)
 .comment       0x00000000       0x30 co2Sensor.o
                                 0x31 (size before relaxing)
 .comment       0x00000030       0x31 main.o
 .comment       0x00000030       0x31 tempHumiditySensor.o
 .comment       0x00000030       0x31 VIA_FreeRTOS_AVRMEGA-master/FreeRTOSTraceDriver/FreeRTOSTraceDriver.o
 .comment       0x00000030       0x31 VIA_FreeRTOS_AVRMEGA-master/src/list.o
 .comment       0x00000030       0x31 VIA_FreeRTOS_AVRMEGA-master/src/port.o
 .comment       0x00000030       0x31 VIA_FreeRTOS_AVRMEGA-master/src/tasks.o
 .comment       0x00000030       0x31 VIA_FreeRTOS_AVRMEGA-master/src/variantHooks.o
 .comment       0x00000030       0x30 ../IoT_SEP4\libIotLibrary.a(display_7seg.o)
                                 0x31 (size before relaxing)
 .comment       0x00000060       0x31 ../IoT_SEP4\libIotLibrary.a(hih8120.o)
 .comment       0x00000060       0x31 ../IoT_SEP4\libIotLibrary.a(mh_z19.o)
 .comment       0x00000060       0x31 ../IoT_SEP4\libIotLibrary.a(serial.o)
 .comment       0x00000060       0x31 ../IoT_SEP4\libIotLibrary.a(stdio_driver.o)
 .comment       0x00000060       0x31 ../IoT_SEP4\libIotLibrary.a(spi_iha.o)
 .comment       0x00000060       0x31 ../IoT_SEP4\libIotLibrary.a(twi.o)
 .comment       0x00000060       0x31 ../IoT_SEP4\libIotLibrary.a(fifo.o)
 .comment       0x00000060       0x31 c:/program files (x86)/atmel/studio/7.0/toolchain/avr8/avr8-gnu-toolchain/bin/../lib/gcc/avr/5.4.0/../../../../avr/lib/avr6\libc.a(calloc.o)
 .comment       0x00000060       0x31 c:/program files (x86)/atmel/studio/7.0/toolchain/avr8/avr8-gnu-toolchain/bin/../lib/gcc/avr/5.4.0/../../../../avr/lib/avr6\libc.a(malloc.o)
 .comment       0x00000060       0x31 c:/program files (x86)/atmel/studio/7.0/toolchain/avr8/avr8-gnu-toolchain/bin/../lib/gcc/avr/5.4.0/../../../../avr/lib/avr6\libc.a(iob.o)
 .comment       0x00000060       0x31 c:/program files (x86)/atmel/studio/7.0/toolchain/avr8/avr8-gnu-toolchain/bin/../lib/gcc/avr/5.4.0/../../../../avr/lib/avr6\libc.a(printf.o)
 .comment       0x00000060       0x31 c:/program files (x86)/atmel/studio/7.0/toolchain/avr8/avr8-gnu-toolchain/bin/../lib/gcc/avr/5.4.0/../../../../avr/lib/avr6\libc.a(puts.o)
 .comment       0x00000060       0x2c c:/program files (x86)/atmel/studio/7.0/toolchain/avr8/avr8-gnu-toolchain/bin/../lib/gcc/avr/5.4.0/../../../../avr/lib/avr6\libc.a(vfprintf_std.o)
                                 0x2d (size before relaxing)
 .comment       0x0000008c       0x31 c:/program files (x86)/atmel/studio/7.0/toolchain/avr8/avr8-gnu-toolchain/bin/../lib/gcc/avr/5.4.0/../../../../avr/lib/avr6\libc.a(fputc.o)

.note.gnu.avr.deviceinfo
                0x00000000       0x40
 .note.gnu.avr.deviceinfo
                0x00000000       0x40 C:/Program Files (x86)/Atmel/Studio/7.0/Packs/atmel/ATmega_DFP/1.3.300/gcc/dev/atmega2560/avr6/crtatmega2560.o

.note.gnu.build-id
 *(.note.gnu.build-id)

.debug
 *(.debug)

.line
 *(.line)

.debug_srcinfo
 *(.debug_srcinfo)

.debug_sfnames
 *(.debug_sfnames)

.debug_aranges  0x00000000      0x5c8
 *(.debug_aranges)
 .debug_aranges
                0x00000000       0x38 co2Sensor.o
 .debug_aranges
                0x00000038       0x20 main.o
 .debug_aranges
                0x00000058       0x38 tempHumiditySensor.o
 .debug_aranges
                0x00000090       0x30 VIA_FreeRTOS_AVRMEGA-master/FreeRTOSTraceDriver/FreeRTOSTraceDriver.o
 .debug_aranges
                0x000000c0       0x40 VIA_FreeRTOS_AVRMEGA-master/src/list.o
 .debug_aranges
                0x00000100       0x48 VIA_FreeRTOS_AVRMEGA-master/src/port.o
 .debug_aranges
                0x00000148      0x1d8 VIA_FreeRTOS_AVRMEGA-master/src/tasks.o
 .debug_aranges
                0x00000320       0x30 VIA_FreeRTOS_AVRMEGA-master/src/variantHooks.o
 .debug_aranges
                0x00000350       0x48 ../IoT_SEP4\libIotLibrary.a(display_7seg.o)
 .debug_aranges
                0x00000398       0x68 ../IoT_SEP4\libIotLibrary.a(hih8120.o)
 .debug_aranges
                0x00000400       0x50 ../IoT_SEP4\libIotLibrary.a(mh_z19.o)
 .debug_aranges
                0x00000450       0x90 ../IoT_SEP4\libIotLibrary.a(serial.o)
 .debug_aranges
                0x000004e0       0x38 ../IoT_SEP4\libIotLibrary.a(stdio_driver.o)
 .debug_aranges
                0x00000518       0x40 ../IoT_SEP4\libIotLibrary.a(spi_iha.o)
 .debug_aranges
                0x00000558       0x50 ../IoT_SEP4\libIotLibrary.a(twi.o)
 .debug_aranges
                0x000005a8       0x20 ../IoT_SEP4\libIotLibrary.a(fifo.o)

.debug_pubnames
 *(.debug_pubnames)

.debug_info     0x00000000     0x6fd4
 *(.debug_info .gnu.linkonce.wi.*)
 .debug_info    0x00000000      0xbbc C:/Program Files (x86)/Atmel/Studio/7.0/Packs/atmel/ATmega_DFP/1.3.300/gcc/dev/atmega2560/avr6/crtatmega2560.o
 .debug_info    0x00000bbc      0x1cc co2Sensor.o
 .debug_info    0x00000d88      0x161 main.o
 .debug_info    0x00000ee9      0x29c tempHumiditySensor.o
 .debug_info    0x00001185       0xd3 VIA_FreeRTOS_AVRMEGA-master/FreeRTOSTraceDriver/FreeRTOSTraceDriver.o
 .debug_info    0x00001258      0x2df VIA_FreeRTOS_AVRMEGA-master/src/list.o
 .debug_info    0x00001537      0x284 VIA_FreeRTOS_AVRMEGA-master/src/port.o
 .debug_info    0x000017bb     0x27ae VIA_FreeRTOS_AVRMEGA-master/src/tasks.o
 .debug_info    0x00003f69      0x1ba VIA_FreeRTOS_AVRMEGA-master/src/variantHooks.o
 .debug_info    0x00004123      0x344 ../IoT_SEP4\libIotLibrary.a(display_7seg.o)
 .debug_info    0x00004467      0x3a9 ../IoT_SEP4\libIotLibrary.a(hih8120.o)
 .debug_info    0x00004810      0x538 ../IoT_SEP4\libIotLibrary.a(mh_z19.o)
 .debug_info    0x00004d48      0xdb3 ../IoT_SEP4\libIotLibrary.a(serial.o)
 .debug_info    0x00005afb      0x39c ../IoT_SEP4\libIotLibrary.a(stdio_driver.o)
 .debug_info    0x00005e97      0xa1d ../IoT_SEP4\libIotLibrary.a(spi_iha.o)
 .debug_info    0x000068b4      0x55d ../IoT_SEP4\libIotLibrary.a(twi.o)
 .debug_info    0x00006e11      0x1c3 ../IoT_SEP4\libIotLibrary.a(fifo.o)

.debug_abbrev   0x00000000     0x25f1
 *(.debug_abbrev)
 .debug_abbrev  0x00000000      0xb1a C:/Program Files (x86)/Atmel/Studio/7.0/Packs/atmel/ATmega_DFP/1.3.300/gcc/dev/atmega2560/avr6/crtatmega2560.o
 .debug_abbrev  0x00000b1a      0x135 co2Sensor.o
 .debug_abbrev  0x00000c4f       0xd8 main.o
 .debug_abbrev  0x00000d27      0x143 tempHumiditySensor.o
 .debug_abbrev  0x00000e6a       0x92 VIA_FreeRTOS_AVRMEGA-master/FreeRTOSTraceDriver/FreeRTOSTraceDriver.o
 .debug_abbrev  0x00000efc       0xff VIA_FreeRTOS_AVRMEGA-master/src/list.o
 .debug_abbrev  0x00000ffb      0x158 VIA_FreeRTOS_AVRMEGA-master/src/port.o
 .debug_abbrev  0x00001153      0x359 VIA_FreeRTOS_AVRMEGA-master/src/tasks.o
 .debug_abbrev  0x000014ac      0x101 VIA_FreeRTOS_AVRMEGA-master/src/variantHooks.o
 .debug_abbrev  0x000015ad      0x19a ../IoT_SEP4\libIotLibrary.a(display_7seg.o)
 .debug_abbrev  0x00001747      0x184 ../IoT_SEP4\libIotLibrary.a(hih8120.o)
 .debug_abbrev  0x000018cb      0x20f ../IoT_SEP4\libIotLibrary.a(mh_z19.o)
 .debug_abbrev  0x00001ada      0x364 ../IoT_SEP4\libIotLibrary.a(serial.o)
 .debug_abbrev  0x00001e3e      0x1be ../IoT_SEP4\libIotLibrary.a(stdio_driver.o)
 .debug_abbrev  0x00001ffc      0x2f6 ../IoT_SEP4\libIotLibrary.a(spi_iha.o)
 .debug_abbrev  0x000022f2      0x217 ../IoT_SEP4\libIotLibrary.a(twi.o)
 .debug_abbrev  0x00002509       0xe8 ../IoT_SEP4\libIotLibrary.a(fifo.o)

.debug_line     0x00000000     0x3c4e
 *(.debug_line .debug_line.* .debug_line_end)
 .debug_line    0x00000000      0x1f9 C:/Program Files (x86)/Atmel/Studio/7.0/Packs/atmel/ATmega_DFP/1.3.300/gcc/dev/atmega2560/avr6/crtatmega2560.o
 .debug_line    0x000001f9      0x123 co2Sensor.o
 .debug_line    0x0000031c      0x1af main.o
 .debug_line    0x000004cb      0x1b7 tempHumiditySensor.o
 .debug_line    0x00000682      0x110 VIA_FreeRTOS_AVRMEGA-master/FreeRTOSTraceDriver/FreeRTOSTraceDriver.o
 .debug_line    0x00000792      0x1ed VIA_FreeRTOS_AVRMEGA-master/src/list.o
 .debug_line    0x0000097f      0x325 VIA_FreeRTOS_AVRMEGA-master/src/port.o
 .debug_line    0x00000ca4     0x1669 VIA_FreeRTOS_AVRMEGA-master/src/tasks.o
 .debug_line    0x0000230d      0x19d VIA_FreeRTOS_AVRMEGA-master/src/variantHooks.o
 .debug_line    0x000024aa      0x223 ../IoT_SEP4\libIotLibrary.a(display_7seg.o)
 .debug_line    0x000026cd      0x246 ../IoT_SEP4\libIotLibrary.a(hih8120.o)
 .debug_line    0x00002913      0x2d6 ../IoT_SEP4\libIotLibrary.a(mh_z19.o)
 .debug_line    0x00002be9      0x636 ../IoT_SEP4\libIotLibrary.a(serial.o)
 .debug_line    0x0000321f      0x13a ../IoT_SEP4\libIotLibrary.a(stdio_driver.o)
 .debug_line    0x00003359      0x4d6 ../IoT_SEP4\libIotLibrary.a(spi_iha.o)
 .debug_line    0x0000382f      0x306 ../IoT_SEP4\libIotLibrary.a(twi.o)
 .debug_line    0x00003b35      0x119 ../IoT_SEP4\libIotLibrary.a(fifo.o)

.debug_frame    0x00000000     0x1284
 *(.debug_frame)
 .debug_frame   0x00000000       0x60 co2Sensor.o
 .debug_frame   0x00000060       0x54 main.o
 .debug_frame   0x000000b4       0x54 tempHumiditySensor.o
 .debug_frame   0x00000108       0x44 VIA_FreeRTOS_AVRMEGA-master/FreeRTOSTraceDriver/FreeRTOSTraceDriver.o
 .debug_frame   0x0000014c       0x88 VIA_FreeRTOS_AVRMEGA-master/src/list.o
 .debug_frame   0x000001d4       0x74 VIA_FreeRTOS_AVRMEGA-master/src/port.o
 .debug_frame   0x00000248      0x69c VIA_FreeRTOS_AVRMEGA-master/src/tasks.o
 .debug_frame   0x000008e4       0x44 VIA_FreeRTOS_AVRMEGA-master/src/variantHooks.o
 .debug_frame   0x00000928      0x118 ../IoT_SEP4\libIotLibrary.a(display_7seg.o)
 .debug_frame   0x00000a40       0xc0 ../IoT_SEP4\libIotLibrary.a(hih8120.o)
 .debug_frame   0x00000b00       0xf8 ../IoT_SEP4\libIotLibrary.a(mh_z19.o)
 .debug_frame   0x00000bf8      0x384 ../IoT_SEP4\libIotLibrary.a(serial.o)
 .debug_frame   0x00000f7c       0x84 ../IoT_SEP4\libIotLibrary.a(stdio_driver.o)
 .debug_frame   0x00001000      0x134 ../IoT_SEP4\libIotLibrary.a(spi_iha.o)
 .debug_frame   0x00001134      0x12c ../IoT_SEP4\libIotLibrary.a(twi.o)
 .debug_frame   0x00001260       0x24 ../IoT_SEP4\libIotLibrary.a(fifo.o)

.debug_str      0x00000000     0x26f2
 *(.debug_str)
 .debug_str     0x00000000      0x3e6 C:/Program Files (x86)/Atmel/Studio/7.0/Packs/atmel/ATmega_DFP/1.3.300/gcc/dev/atmega2560/avr6/crtatmega2560.o
 .debug_str     0x000003e6      0x262 co2Sensor.o
                                0x29b (size before relaxing)
 .debug_str     0x00000648       0x77 main.o
                                0x1fb (size before relaxing)
 .debug_str     0x000006bf      0x151 tempHumiditySensor.o
                                0x320 (size before relaxing)
 .debug_str     0x00000810       0x83 VIA_FreeRTOS_AVRMEGA-master/FreeRTOSTraceDriver/FreeRTOSTraceDriver.o
                                0x1eb (size before relaxing)
 .debug_str     0x00000893      0x15e VIA_FreeRTOS_AVRMEGA-master/src/list.o
                                0x2e8 (size before relaxing)
 .debug_str     0x000009f1      0x13d VIA_FreeRTOS_AVRMEGA-master/src/port.o
                                0x2d5 (size before relaxing)
 .debug_str     0x00000b2e      0xde1 VIA_FreeRTOS_AVRMEGA-master/src/tasks.o
                               0x1189 (size before relaxing)
 .debug_str     0x0000190f       0x4f VIA_FreeRTOS_AVRMEGA-master/src/variantHooks.o
                                0x27c (size before relaxing)
 .debug_str     0x0000195e      0x17e ../IoT_SEP4\libIotLibrary.a(display_7seg.o)
                                0x2f0 (size before relaxing)
 .debug_str     0x00001adc      0x1eb ../IoT_SEP4\libIotLibrary.a(hih8120.o)
                                0x44a (size before relaxing)
 .debug_str     0x00001cc7      0x224 ../IoT_SEP4\libIotLibrary.a(mh_z19.o)
                                0x47a (size before relaxing)
 .debug_str     0x00001eeb      0x33f ../IoT_SEP4\libIotLibrary.a(serial.o)
                                0x639 (size before relaxing)
 .debug_str     0x0000222a       0xb0 ../IoT_SEP4\libIotLibrary.a(stdio_driver.o)
                                0x378 (size before relaxing)
 .debug_str     0x000022da      0x115 ../IoT_SEP4\libIotLibrary.a(spi_iha.o)
                                0x4a7 (size before relaxing)
 .debug_str     0x000023ef      0x2e3 ../IoT_SEP4\libIotLibrary.a(twi.o)
                                0x5a8 (size before relaxing)
 .debug_str     0x000026d2       0x20 ../IoT_SEP4\libIotLibrary.a(fifo.o)
                                0x237 (size before relaxing)

.debug_loc      0x00000000     0x6032
 *(.debug_loc)
 .debug_loc     0x00000000       0x4f co2Sensor.o
 .debug_loc     0x0000004f       0xe5 main.o
 .debug_loc     0x00000134       0x90 tempHumiditySensor.o
 .debug_loc     0x000001c4       0x42 VIA_FreeRTOS_AVRMEGA-master/FreeRTOSTraceDriver/FreeRTOSTraceDriver.o
 .debug_loc     0x00000206      0x145 VIA_FreeRTOS_AVRMEGA-master/src/list.o
 .debug_loc     0x0000034b      0x2af VIA_FreeRTOS_AVRMEGA-master/src/port.o
 .debug_loc     0x000005fa     0x2e78 VIA_FreeRTOS_AVRMEGA-master/src/tasks.o
 .debug_loc     0x00003472       0xb6 VIA_FreeRTOS_AVRMEGA-master/src/variantHooks.o
 .debug_loc     0x00003528      0x43b ../IoT_SEP4\libIotLibrary.a(display_7seg.o)
 .debug_loc     0x00003963       0x9f ../IoT_SEP4\libIotLibrary.a(hih8120.o)
 .debug_loc     0x00003a02      0x3cd ../IoT_SEP4\libIotLibrary.a(mh_z19.o)
 .debug_loc     0x00003dcf     0x1080 ../IoT_SEP4\libIotLibrary.a(serial.o)
 .debug_loc     0x00004e4f      0x144 ../IoT_SEP4\libIotLibrary.a(stdio_driver.o)
 .debug_loc     0x00004f93      0x9cc ../IoT_SEP4\libIotLibrary.a(spi_iha.o)
 .debug_loc     0x0000595f      0x575 ../IoT_SEP4\libIotLibrary.a(twi.o)
 .debug_loc     0x00005ed4      0x15e ../IoT_SEP4\libIotLibrary.a(fifo.o)

.debug_macinfo
 *(.debug_macinfo)

.debug_weaknames
 *(.debug_weaknames)

.debug_funcnames
 *(.debug_funcnames)

.debug_typenames
 *(.debug_typenames)

.debug_varnames
 *(.debug_varnames)

.debug_pubtypes
 *(.debug_pubtypes)

.debug_ranges   0x00000000      0x5b0
 *(.debug_ranges)
 .debug_ranges  0x00000000       0x28 co2Sensor.o
 .debug_ranges  0x00000028       0x10 main.o
 .debug_ranges  0x00000038       0x28 tempHumiditySensor.o
 .debug_ranges  0x00000060       0x20 VIA_FreeRTOS_AVRMEGA-master/FreeRTOSTraceDriver/FreeRTOSTraceDriver.o
 .debug_ranges  0x00000080       0x30 VIA_FreeRTOS_AVRMEGA-master/src/list.o
 .debug_ranges  0x000000b0       0x38 VIA_FreeRTOS_AVRMEGA-master/src/port.o
 .debug_ranges  0x000000e8      0x240 VIA_FreeRTOS_AVRMEGA-master/src/tasks.o
 .debug_ranges  0x00000328       0x20 VIA_FreeRTOS_AVRMEGA-master/src/variantHooks.o
 .debug_ranges  0x00000348       0x38 ../IoT_SEP4\libIotLibrary.a(display_7seg.o)
 .debug_ranges  0x00000380       0x58 ../IoT_SEP4\libIotLibrary.a(hih8120.o)
 .debug_ranges  0x000003d8       0x40 ../IoT_SEP4\libIotLibrary.a(mh_z19.o)
 .debug_ranges  0x00000418       0x98 ../IoT_SEP4\libIotLibrary.a(serial.o)
 .debug_ranges  0x000004b0       0x28 ../IoT_SEP4\libIotLibrary.a(stdio_driver.o)
 .debug_ranges  0x000004d8       0x88 ../IoT_SEP4\libIotLibrary.a(spi_iha.o)
 .debug_ranges  0x00000560       0x40 ../IoT_SEP4\libIotLibrary.a(twi.o)
 .debug_ranges  0x000005a0       0x10 ../IoT_SEP4\libIotLibrary.a(fifo.o)

.debug_macro
 *(.debug_macro)
OUTPUT(Temp_Project.elf elf32-avr)
LOAD linker stubs
